Dot-file analog.dot  generated
/temps/4IF16.html (3 hits)
/temps/3IF19.html (2 hits)
/temps/4IF18.html (2 hits)
/temps/4IF16.gif (1 hits)
/temps/4IF16.js (1 hits)
/temps/4IF16.png (1 hits)
/temps/4IF17.css (1 hits)
/temps/4IF17.io (1 hits)