/temps/4IF16.gif (1 hits)
/temps/4IF16.html (1 hits)
/temps/4IF16.js (1 hits)
/temps/4IF16.png (1 hits)